
> my-fixed-portfolio@0.1.0 build
> next build

   Γû▓ Next.js 15.3.4

   Creating an optimized production build ...
npm : Failed to 
compile.
At line:1 char:1
+ npm run build > 
build_errors.txt 2>&1
+ ~~~~~~~~~~~~~~~~~~~~~
~~~~~~~~~~~~~~~~
    + CategoryInfo     
         : NotSpecifi  
  ed: (Failed to com   
 pile.:String) [],     
RemoteException
    + FullyQualifiedEr 
   rorId : NativeComm  
  andError
 

./src/app/page.tsx
Error:   [31mx[0m 
`ssr: false` is not 
allowed with 
`next/dynamic` in 
Server Components. 
Please move it into a 
client component.
    ,-[[36;1;4mC:\User
s\Arnav Bhandari\my-fix
ed-portfolio\src\app\pa
ge.tsx[0m:7:1]
 [2m 4[0m |     
import { AboutSection 
} from "@/components/Ab
outSection";
 [2m 5[0m |     
import dynamic from 
"next/dynamic";
 [2m 6[0m |     
 [2m 7[0m | [35;1m,
[0m[35;1m-[0m[35;1m>
[0m const 
GlobeSection = dynamic(
 [2m 8[0m | 
[35;1m|[0m     () => 
import("@/components/Gl
obeSection").then((mod)
 => mod.GlobeSection),
 [2m 9[0m | 
[35;1m|[0m     { 
ssr: false }
 [2m10[0m | [35;1m`
[0m[35;1m-[0m[35;1m>
[0m );
 [2m11[0m |     
import { 
WobbleProjects } from "
@/components/projects/W
obbleProjects";
 [2m12[0m |     
import { 
AchievementsTimeline } 
from "@/components/Achi
evementsTimeline";
 [2m13[0m |     
import { 
ContactRevealCard } 
from "@/components/Cont
actRevealCard"; // Γ£à 
Fixed import
    `----

Import trace for 
requested module:
./src/app/page.tsx


> Build failed because 
of webpack errors
